// Jest Snapshot v1, https://goo.gl/fbAQLP

exports[`Groups should render correctly 1`] = `
<RCTSafeAreaView
  style={
    [
      {
        "flexBasis": "0%",
        "flexGrow": 1,
        "flexShrink": 1,
      },
      {
        "backgroundColor": "#1c1c1c",
      },
    ]
  }
>
  <Text
    style={
      [
        {
          "marginTop": 16,
        },
        {
          "marginLeft": 16,
          "marginRight": 16,
        },
        {
          "color": "#ffffff",
        },
        {
          "fontSize": 36,
          "lineHeight": 40,
        },
        {
          "fontFamily": "Nunito-Bold",
        },
        {
          "borderBottomWidth": 2,
        },
        {
          "borderBottomColor": "#ffffff",
          "borderLeftColor": "#ffffff",
          "borderRightColor": "#ffffff",
          "borderTopColor": "#ffffff",
        },
      ]
    }
  >
    Grupos
  </Text>
  <View
    style={
      [
        {
          "alignItems": "center",
        },
      ]
    }
  >
    <View
      style={
        [
          {
            "marginLeft": 16,
            "marginRight": 16,
          },
          {
            "marginTop": 16,
          },
          {
            "width": "75%",
          },
        ]
      }
    >
      <View
        accessibilityState={
          {
            "busy": undefined,
            "checked": undefined,
            "disabled": undefined,
            "expanded": undefined,
            "selected": undefined,
          }
        }
        accessibilityValue={
          {
            "max": undefined,
            "min": undefined,
            "now": undefined,
            "text": undefined,
          }
        }
        accessible={true}
        collapsable={false}
        focusable={true}
        onBlur={[Function]}
        onClick={[Function]}
        onFocus={[Function]}
        onResponderGrant={[Function]}
        onResponderMove={[Function]}
        onResponderRelease={[Function]}
        onResponderTerminate={[Function]}
        onResponderTerminationRequest={[Function]}
        onStartShouldSetResponder={[Function]}
        style={
          [
            {
              "display": "flex",
            },
            {
              "flexDirection": "row",
            },
            {
              "justifyContent": "space-between",
            },
            {
              "alignItems": "center",
            },
            {
              "paddingBottom": 16,
              "paddingLeft": 16,
              "paddingRight": 16,
              "paddingTop": 16,
            },
            {
              "backgroundColor": "#272727",
            },
            {
              "borderBottomWidth": 2,
              "borderLeftWidth": 2,
              "borderRightWidth": 2,
              "borderTopWidth": 2,
            },
            {
              "borderBottomColor": "#6bc0eb",
              "borderLeftColor": "#6bc0eb",
              "borderRightColor": "#6bc0eb",
              "borderTopColor": "#6bc0eb",
            },
            {
              "borderBottomLeftRadius": 24,
              "borderBottomRightRadius": 24,
              "borderTopLeftRadius": 24,
              "borderTopRightRadius": 24,
            },
          ]
        }
        testID="livestock-button"
      >
        <Text
          style={
            [
              {
                "fontFamily": "Nunito-SemiBold",
              },
              {
                "color": "#ffffff",
              },
              {
                "fontSize": 20,
                "lineHeight": 28,
              },
              {
                "textAlign": "center",
              },
            ]
          }
        >
          Ver censo
        </Text>
      </View>
    </View>
  </View>
  <RCTScrollView
    data={
      [
        {
          "groupId": 1,
          "groupName": "TestGroup1",
        },
        {
          "groupId": 2,
          "groupName": "TestGroup2",
        },
      ]
    }
    getItem={[Function]}
    getItemCount={[Function]}
    keyExtractor={[Function]}
    onContentSizeChange={[Function]}
    onLayout={[Function]}
    onMomentumScrollBegin={[Function]}
    onMomentumScrollEnd={[Function]}
    onScroll={[Function]}
    onScrollBeginDrag={[Function]}
    onScrollEndDrag={[Function]}
    removeClippedSubviews={false}
    renderItem={[Function]}
    scrollEventThrottle={0.0001}
    stickyHeaderIndices={[]}
    viewabilityConfigCallbackPairs={[]}
  >
    <View>
      <View
        onFocusCapture={[Function]}
        onLayout={[Function]}
        style={null}
      >
        <View
          style={
            [
              {
                "flexDirection": "row",
              },
              {
                "alignItems": "center",
              },
              {
                "justifyContent": "space-between",
              },
              {
                "marginBottom": 16,
                "marginTop": 16,
              },
              {
                "paddingLeft": 16,
                "paddingRight": 16,
              },
            ]
          }
        >
          <Text
            style={
              [
                {
                  "color": "#ffffff",
                },
                {
                  "fontSize": 18,
                  "lineHeight": 28,
                },
                {
                  "fontFamily": "Nunito-Medium",
                },
              ]
            }
          >
            TestGroup1
          </Text>
          <View>
            <View
              accessibilityState={
                {
                  "busy": undefined,
                  "checked": undefined,
                  "disabled": undefined,
                  "expanded": undefined,
                  "selected": undefined,
                }
              }
              accessibilityValue={
                {
                  "max": undefined,
                  "min": undefined,
                  "now": undefined,
                  "text": undefined,
                }
              }
              accessible={true}
              collapsable={false}
              focusable={true}
              onBlur={[Function]}
              onClick={[Function]}
              onFocus={[Function]}
              onResponderGrant={[Function]}
              onResponderMove={[Function]}
              onResponderRelease={[Function]}
              onResponderTerminate={[Function]}
              onResponderTerminationRequest={[Function]}
              onStartShouldSetResponder={[Function]}
              style={
                [
                  {
                    "display": "flex",
                  },
                  {
                    "flexDirection": "row",
                  },
                  {
                    "justifyContent": "center",
                  },
                  {
                    "alignItems": "center",
                  },
                  {
                    "paddingBottom": 16,
                    "paddingLeft": 16,
                    "paddingRight": 16,
                    "paddingTop": 16,
                  },
                  {
                    "backgroundColor": "#272727",
                  },
                  {
                    "borderBottomWidth": 2,
                    "borderLeftWidth": 2,
                    "borderRightWidth": 2,
                    "borderTopWidth": 2,
                  },
                  {
                    "borderBottomColor": "#6bc0eb",
                    "borderLeftColor": "#6bc0eb",
                    "borderRightColor": "#6bc0eb",
                    "borderTopColor": "#6bc0eb",
                  },
                  {
                    "borderBottomLeftRadius": 24,
                    "borderBottomRightRadius": 24,
                    "borderTopLeftRadius": 24,
                    "borderTopRightRadius": 24,
                  },
                ]
              }
              testID="delete-group-button"
            >
              <Text
                style={
                  [
                    {
                      "fontFamily": "Nunito-SemiBold",
                    },
                    {
                      "color": "#ffffff",
                    },
                    {
                      "fontSize": 20,
                      "lineHeight": 28,
                    },
                    [
                      {
                        "marginLeft": 16,
                      },
                    ],
                  ]
                }
              >
                Borrar
              </Text>
            </View>
          </View>
        </View>
      </View>
      <View
        onFocusCapture={[Function]}
        onLayout={[Function]}
        style={null}
      >
        <View
          style={
            [
              {
                "flexDirection": "row",
              },
              {
                "alignItems": "center",
              },
              {
                "justifyContent": "space-between",
              },
              {
                "marginBottom": 16,
                "marginTop": 16,
              },
              {
                "paddingLeft": 16,
                "paddingRight": 16,
              },
            ]
          }
        >
          <Text
            style={
              [
                {
                  "color": "#ffffff",
                },
                {
                  "fontSize": 18,
                  "lineHeight": 28,
                },
                {
                  "fontFamily": "Nunito-Medium",
                },
              ]
            }
          >
            TestGroup2
          </Text>
          <View>
            <View
              accessibilityState={
                {
                  "busy": undefined,
                  "checked": undefined,
                  "disabled": undefined,
                  "expanded": undefined,
                  "selected": undefined,
                }
              }
              accessibilityValue={
                {
                  "max": undefined,
                  "min": undefined,
                  "now": undefined,
                  "text": undefined,
                }
              }
              accessible={true}
              collapsable={false}
              focusable={true}
              onBlur={[Function]}
              onClick={[Function]}
              onFocus={[Function]}
              onResponderGrant={[Function]}
              onResponderMove={[Function]}
              onResponderRelease={[Function]}
              onResponderTerminate={[Function]}
              onResponderTerminationRequest={[Function]}
              onStartShouldSetResponder={[Function]}
              style={
                [
                  {
                    "display": "flex",
                  },
                  {
                    "flexDirection": "row",
                  },
                  {
                    "justifyContent": "center",
                  },
                  {
                    "alignItems": "center",
                  },
                  {
                    "paddingBottom": 16,
                    "paddingLeft": 16,
                    "paddingRight": 16,
                    "paddingTop": 16,
                  },
                  {
                    "backgroundColor": "#272727",
                  },
                  {
                    "borderBottomWidth": 2,
                    "borderLeftWidth": 2,
                    "borderRightWidth": 2,
                    "borderTopWidth": 2,
                  },
                  {
                    "borderBottomColor": "#6bc0eb",
                    "borderLeftColor": "#6bc0eb",
                    "borderRightColor": "#6bc0eb",
                    "borderTopColor": "#6bc0eb",
                  },
                  {
                    "borderBottomLeftRadius": 24,
                    "borderBottomRightRadius": 24,
                    "borderTopLeftRadius": 24,
                    "borderTopRightRadius": 24,
                  },
                ]
              }
              testID="delete-group-button"
            >
              <Text
                style={
                  [
                    {
                      "fontFamily": "Nunito-SemiBold",
                    },
                    {
                      "color": "#ffffff",
                    },
                    {
                      "fontSize": 20,
                      "lineHeight": 28,
                    },
                    [
                      {
                        "marginLeft": 16,
                      },
                    ],
                  ]
                }
              >
                Borrar
              </Text>
            </View>
          </View>
        </View>
      </View>
    </View>
  </RCTScrollView>
</RCTSafeAreaView>
`;
