// Jest Snapshot v1, https://goo.gl/fbAQLP

exports[`CustomCalendar should render correctly 1`] = `
<View
  style={
    [
      {
        "marginBottom": 8,
        "marginLeft": 8,
        "marginRight": 8,
        "marginTop": 8,
      },
      {
        "marginTop": -4,
      },
    ]
  }
>
  <Text
    style={
      [
        {
          "color": "#ffffff",
        },
        {
          "fontSize": 14,
          "lineHeight": 20,
        },
        {
          "fontFamily": "Nunito-Light",
        },
        [
          {
            "marginTop": 4,
          },
        ],
      ]
    }
  >
    Test
    :
  </Text>
  <View
    accessibilityState={
      {
        "busy": undefined,
        "checked": undefined,
        "disabled": undefined,
        "expanded": undefined,
        "selected": undefined,
      }
    }
    accessibilityValue={
      {
        "max": undefined,
        "min": undefined,
        "now": undefined,
        "text": undefined,
      }
    }
    accessible={true}
    collapsable={false}
    focusable={true}
    onBlur={[Function]}
    onClick={[Function]}
    onFocus={[Function]}
    onResponderGrant={[Function]}
    onResponderMove={[Function]}
    onResponderRelease={[Function]}
    onResponderTerminate={[Function]}
    onResponderTerminationRequest={[Function]}
    onStartShouldSetResponder={[Function]}
    style={
      [
        {
          "paddingBottom": 8,
          "paddingLeft": 8,
          "paddingRight": 8,
          "paddingTop": 8,
        },
        {
          "backgroundColor": "#ffffff",
        },
        {
          "borderBottomWidth": 2,
          "borderLeftWidth": 2,
          "borderRightWidth": 2,
          "borderTopWidth": 2,
        },
        {
          "borderBottomColor": "#2254ba",
          "borderLeftColor": "#2254ba",
          "borderRightColor": "#2254ba",
          "borderTopColor": "#2254ba",
        },
        {
          "borderBottomLeftRadius": 16,
          "borderBottomRightRadius": 16,
          "borderTopLeftRadius": 16,
          "borderTopRightRadius": 16,
        },
        {
          "fontFamily": "Nunito-Medium",
        },
        [
          {
            "marginTop": 4,
          },
        ],
      ]
    }
    testID="date-picker-button"
  >
    <Text>
      1/1/2000
    </Text>
  </View>
</View>
`;
