// Jest Snapshot v1, https://goo.gl/fbAQLP

exports[`CustomButton should render correctly 1`] = `
<View
  accessibilityState={
    {
      "busy": undefined,
      "checked": undefined,
      "disabled": undefined,
      "expanded": undefined,
      "selected": undefined,
    }
  }
  accessibilityValue={
    {
      "max": undefined,
      "min": undefined,
      "now": undefined,
      "text": undefined,
    }
  }
  accessible={true}
  collapsable={false}
  focusable={true}
  onBlur={[Function]}
  onClick={[Function]}
  onFocus={[Function]}
  onResponderGrant={[Function]}
  onResponderMove={[Function]}
  onResponderRelease={[Function]}
  onResponderTerminate={[Function]}
  onResponderTerminationRequest={[Function]}
  onStartShouldSetResponder={[Function]}
  style={
    [
      {
        "backgroundColor": "#272727",
      },
      {
        "borderRightWidth": 8,
      },
      {
        "borderLeftWidth": 8,
      },
      {
        "borderBottomColor": "#2254ba",
        "borderLeftColor": "#2254ba",
        "borderRightColor": "#2254ba",
        "borderTopColor": "#2254ba",
      },
      {
        "borderBottomLeftRadius": 24,
        "borderBottomRightRadius": 24,
        "borderTopLeftRadius": 24,
        "borderTopRightRadius": 24,
      },
      {
        "paddingBottom": 16,
        "paddingLeft": 16,
        "paddingRight": 16,
        "paddingTop": 16,
      },
      {
        "marginBottom": 8,
        "marginLeft": 8,
        "marginRight": 8,
        "marginTop": 8,
      },
    ]
  }
>
  <Text
    style={
      [
        {
          "color": "#ffffff",
        },
        {
          "fontSize": 18,
          "lineHeight": 28,
        },
        {
          "textAlign": "center",
        },
        {
          "fontFamily": "Nunito-Medium",
        },
        {
          "marginLeft": 8,
          "marginRight": 8,
        },
      ]
    }
  >
    Test
  </Text>
</View>
`;
