// Jest Snapshot v1, https://goo.gl/fbAQLP

exports[`CustomSearchBar should render correctly 1`] = `
<View
  style={
    [
      {
        "marginBottom": 8,
        "marginLeft": 8,
        "marginRight": 8,
        "marginTop": 8,
      },
    ]
  }
>
  <Text
    style={
      [
        {
          "color": "#ffffff",
        },
        {
          "fontSize": 14,
          "lineHeight": 20,
        },
        {
          "fontFamily": "Nunito-Light",
        },
      ]
    }
  >
    test
    :
  </Text>
  <View
    style={
      [
        {
          "flexDirection": "row",
        },
        {
          "alignItems": "center",
        },
        {
          "backgroundColor": "#ffffff",
        },
        {
          "borderBottomWidth": 2,
          "borderLeftWidth": 2,
          "borderRightWidth": 2,
          "borderTopWidth": 2,
        },
        {
          "borderBottomColor": "#2254ba",
          "borderLeftColor": "#2254ba",
          "borderRightColor": "#2254ba",
          "borderTopColor": "#2254ba",
        },
        {
          "borderBottomLeftRadius": 24,
          "borderBottomRightRadius": 24,
          "borderTopLeftRadius": 24,
          "borderTopRightRadius": 24,
        },
        [
          {
            "marginTop": 4,
          },
        ],
      ]
    }
  >
    <TextInput
      onChangeText={[MockFunction]}
      placeholder="Buscar..."
      style={
        [
          {
            "flexBasis": "0%",
            "flexGrow": 1,
            "flexShrink": 1,
          },
          {
            "marginLeft": 8,
          },
          {
            "paddingBottom": 12,
            "paddingTop": 12,
          },
          {
            "fontFamily": "Nunito-Medium",
          },
        ]
      }
      value="test"
    />
    <View
      style={
        [
          {
            "height": 40,
          },
          {
            "width": 40,
          },
          {
            "alignItems": "center",
          },
          {
            "justifyContent": "center",
          },
        ]
      }
    />
  </View>
</View>
`;
