// Jest Snapshot v1, https://goo.gl/fbAQLP

exports[`CustomLink should render correctly 1`] = `
<View
  accessibilityState={
    {
      "busy": undefined,
      "checked": undefined,
      "disabled": undefined,
      "expanded": undefined,
      "selected": undefined,
    }
  }
  accessibilityValue={
    {
      "max": undefined,
      "min": undefined,
      "now": undefined,
      "text": undefined,
    }
  }
  accessible={true}
  collapsable={false}
  focusable={true}
  onBlur={[Function]}
  onClick={[Function]}
  onFocus={[Function]}
  onResponderGrant={[Function]}
  onResponderMove={[Function]}
  onResponderRelease={[Function]}
  onResponderTerminate={[Function]}
  onResponderTerminationRequest={[Function]}
  onStartShouldSetResponder={[Function]}
>
  <Text
    style={
      [
        {
          "color": "#6bc0eb",
        },
        {
          "fontSize": 20,
          "lineHeight": 28,
        },
        {
          "textAlign": "center",
        },
        {
          "fontFamily": "Nunito-Italic",
        },
        {
          "textDecorationLine": "underline",
        },
      ]
    }
  >
    Test
  </Text>
</View>
`;
