// Jest Snapshot v1, https://goo.gl/fbAQLP

exports[`BreedingForm should render correctly 1`] = `
<RCTScrollView
  style={
    [
      {
        "flexBasis": "0%",
        "flexGrow": 1,
        "flexShrink": 1,
      },
      {
        "backgroundColor": "#1c1c1c",
      },
    ]
  }
>
  <View>
    <Text
      style={
        [
          {
            "marginTop": 16,
          },
          {
            "marginLeft": 16,
            "marginRight": 16,
          },
          {
            "color": "#ffffff",
          },
          {
            "fontSize": 36,
            "lineHeight": 40,
          },
          {
            "fontFamily": "Nunito-Bold",
          },
          {
            "borderBottomWidth": 2,
          },
          {
            "borderBottomColor": "#ffffff",
            "borderLeftColor": "#ffffff",
            "borderRightColor": "#ffffff",
            "borderTopColor": "#ffffff",
          },
        ]
      }
    >
      A침adir evento de reproducci칩n
    </Text>
    <View
      style={
        [
          {
            "alignItems": "center",
          },
        ]
      }
    >
      <View
        style={
          [
            {
              "marginLeft": 16,
              "marginRight": 16,
            },
            {
              "marginTop": 16,
            },
            {
              "width": "75%",
            },
          ]
        }
      >
        <View
          accessibilityState={
            {
              "busy": undefined,
              "checked": undefined,
              "disabled": undefined,
              "expanded": undefined,
              "selected": undefined,
            }
          }
          accessibilityValue={
            {
              "max": undefined,
              "min": undefined,
              "now": undefined,
              "text": undefined,
            }
          }
          accessible={true}
          collapsable={false}
          focusable={true}
          onBlur={[Function]}
          onClick={[Function]}
          onFocus={[Function]}
          onResponderGrant={[Function]}
          onResponderMove={[Function]}
          onResponderRelease={[Function]}
          onResponderTerminate={[Function]}
          onResponderTerminationRequest={[Function]}
          onStartShouldSetResponder={[Function]}
          style={
            [
              {
                "display": "flex",
              },
              {
                "flexDirection": "row",
              },
              {
                "justifyContent": "space-between",
              },
              {
                "alignItems": "center",
              },
              {
                "paddingBottom": 16,
                "paddingLeft": 16,
                "paddingRight": 16,
                "paddingTop": 16,
              },
              {
                "backgroundColor": "#272727",
              },
              {
                "borderBottomWidth": 2,
                "borderLeftWidth": 2,
                "borderRightWidth": 2,
                "borderTopWidth": 2,
              },
              {
                "borderBottomColor": "#6bc0eb",
                "borderLeftColor": "#6bc0eb",
                "borderRightColor": "#6bc0eb",
                "borderTopColor": "#6bc0eb",
              },
              {
                "borderBottomLeftRadius": 24,
                "borderBottomRightRadius": 24,
                "borderTopLeftRadius": 24,
                "borderTopRightRadius": 24,
              },
            ]
          }
          testID="breeding-button"
        >
          <Text
            style={
              [
                {
                  "fontFamily": "Nunito-SemiBold",
                },
                {
                  "color": "#ffffff",
                },
                {
                  "fontSize": 20,
                  "lineHeight": 28,
                },
                {
                  "textAlign": "center",
                },
              ]
            }
          >
            Ver calendario de reproducci칩n
          </Text>
        </View>
      </View>
    </View>
    <View
      style={
        [
          {
            "marginTop": 16,
          },
          {
            "paddingLeft": 16,
            "paddingRight": 16,
          },
        ]
      }
    >
      <View
        style={
          [
            {
              "display": "flex",
            },
            {
              "paddingBottom": 16,
              "paddingLeft": 16,
              "paddingRight": 16,
              "paddingTop": 16,
            },
            {
              "backgroundColor": "#272727",
            },
            {
              "borderBottomLeftRadius": 8,
              "borderBottomRightRadius": 8,
              "borderTopLeftRadius": 8,
              "borderTopRightRadius": 8,
            },
          ]
        }
      >
        <View>
          <View
            style={
              [
                {
                  "marginTop": -4,
                },
              ]
            }
          >
            <Text
              style={
                [
                  {
                    "color": "#ffffff",
                  },
                  {
                    "fontSize": 14,
                    "lineHeight": 20,
                  },
                  {
                    "fontFamily": "Nunito-Light",
                  },
                  [
                    {
                      "marginTop": 4,
                    },
                  ],
                ]
              }
            >
              Nombre de la vaca
              :
            </Text>
            <View
              style={
                [
                  {
                    "backgroundColor": "#ffffff",
                  },
                  {
                    "borderBottomWidth": 2,
                    "borderLeftWidth": 2,
                    "borderRightWidth": 2,
                    "borderTopWidth": 2,
                  },
                  {
                    "borderBottomColor": "#2254ba",
                    "borderLeftColor": "#2254ba",
                    "borderRightColor": "#2254ba",
                    "borderTopColor": "#2254ba",
                  },
                  {
                    "borderBottomLeftRadius": 24,
                    "borderBottomRightRadius": 24,
                    "borderTopLeftRadius": 24,
                    "borderTopRightRadius": 24,
                  },
                  {
                    "fontFamily": "Nunito-Medium",
                  },
                  [
                    {
                      "marginTop": 4,
                    },
                  ],
                ]
              }
            >
              <View>
                <RNCPicker
                  items={
                    [
                      {
                        "label": "",
                        "testID": undefined,
                        "textColor": undefined,
                        "value": "",
                      },
                    ]
                  }
                  numberOfLines={1}
                  onChange={[Function]}
                  selectedIndex={0}
                  style={
                    [
                      {
                        "height": 216,
                      },
                      undefined,
                    ]
                  }
                />
              </View>
            </View>
          </View>
        </View>
        <View
          style={
            [
              {
                "marginTop": 24,
              },
            ]
          }
        >
          <View
            style={
              [
                {
                  "marginTop": -4,
                },
              ]
            }
          >
            <Text
              style={
                [
                  {
                    "color": "#ffffff",
                  },
                  {
                    "fontSize": 14,
                    "lineHeight": 20,
                  },
                  {
                    "fontFamily": "Nunito-Light",
                  },
                  [
                    {
                      "marginTop": 4,
                    },
                  ],
                ]
              }
            >
              Tipo de evento
              :
            </Text>
            <View
              style={
                [
                  {
                    "backgroundColor": "#ffffff",
                  },
                  {
                    "borderBottomWidth": 2,
                    "borderLeftWidth": 2,
                    "borderRightWidth": 2,
                    "borderTopWidth": 2,
                  },
                  {
                    "borderBottomColor": "#2254ba",
                    "borderLeftColor": "#2254ba",
                    "borderRightColor": "#2254ba",
                    "borderTopColor": "#2254ba",
                  },
                  {
                    "borderBottomLeftRadius": 24,
                    "borderBottomRightRadius": 24,
                    "borderTopLeftRadius": 24,
                    "borderTopRightRadius": 24,
                  },
                  {
                    "fontFamily": "Nunito-Medium",
                  },
                  [
                    {
                      "marginTop": 4,
                    },
                  ],
                ]
              }
            >
              <View>
                <RNCPicker
                  items={
                    [
                      {
                        "label": "Celo",
                        "testID": undefined,
                        "textColor": undefined,
                        "value": "Celo",
                      },
                      {
                        "label": "Inseminaci칩n",
                        "testID": undefined,
                        "textColor": undefined,
                        "value": "Inseminaci칩n",
                      },
                      {
                        "label": "Parto previsto",
                        "testID": undefined,
                        "textColor": undefined,
                        "value": "Parto previsto",
                      },
                      {
                        "label": "Aborto",
                        "testID": undefined,
                        "textColor": undefined,
                        "value": "Aborto",
                      },
                      {
                        "label": "Nacimiento hembra",
                        "testID": undefined,
                        "textColor": undefined,
                        "value": "Nacimiento hembra",
                      },
                      {
                        "label": "Nacimiento macho",
                        "testID": undefined,
                        "textColor": undefined,
                        "value": "Nacimiento macho",
                      },
                      {
                        "label": "Cr칤a muerta",
                        "testID": undefined,
                        "textColor": undefined,
                        "value": "Cr칤a muerta",
                      },
                      {
                        "label": "Parto dist칩pico",
                        "testID": undefined,
                        "textColor": undefined,
                        "value": "Parto dist칩pico",
                      },
                      {
                        "label": "Aviso de secado",
                        "testID": undefined,
                        "textColor": undefined,
                        "value": "Aviso de secado",
                      },
                      {
                        "label": "Ojo al celo",
                        "testID": undefined,
                        "textColor": undefined,
                        "value": "Ojo al celo",
                      },
                      {
                        "label": "Vaca vac칤a",
                        "testID": undefined,
                        "textColor": undefined,
                        "value": "Vaca vac칤a",
                      },
                      {
                        "label": "Vaca dudosa",
                        "testID": undefined,
                        "textColor": undefined,
                        "value": "Vaca dudosa",
                      },
                      {
                        "label": "Vaca dudosa (positivo)",
                        "testID": undefined,
                        "textColor": undefined,
                        "value": "Vaca dudosa (positivo)",
                      },
                      {
                        "label": "Vaca sucia",
                        "testID": undefined,
                        "textColor": undefined,
                        "value": "Vaca sucia",
                      },
                      {
                        "label": "Lavado",
                        "testID": undefined,
                        "textColor": undefined,
                        "value": "Lavado",
                      },
                      {
                        "label": "Retenci칩n de placenta",
                        "testID": undefined,
                        "textColor": undefined,
                        "value": "Retenci칩n de placenta",
                      },
                    ]
                  }
                  numberOfLines={1}
                  onChange={[Function]}
                  selectedIndex={0}
                  style={
                    [
                      {
                        "height": 216,
                      },
                      undefined,
                    ]
                  }
                />
              </View>
            </View>
          </View>
        </View>
        <View
          style={
            [
              {
                "marginTop": 24,
              },
            ]
          }
        >
          <View
            style={
              [
                {
                  "marginTop": -4,
                },
              ]
            }
          >
            <Text
              style={
                [
                  {
                    "color": "#ffffff",
                  },
                  {
                    "fontSize": 14,
                    "lineHeight": 20,
                  },
                  {
                    "fontFamily": "Nunito-Medium",
                  },
                  [
                    {
                      "marginTop": 4,
                    },
                  ],
                ]
              }
            >
              Descripci칩n
              :
            </Text>
            <TextInput
              onChangeText={[Function]}
              placeholder="Descripci칩n"
              style={
                [
                  {
                    "paddingBottom": 8,
                    "paddingLeft": 8,
                    "paddingRight": 8,
                    "paddingTop": 8,
                  },
                  {
                    "backgroundColor": "#ffffff",
                  },
                  {
                    "borderBottomWidth": 2,
                    "borderLeftWidth": 2,
                    "borderRightWidth": 2,
                    "borderTopWidth": 2,
                  },
                  {
                    "borderBottomColor": "#2254ba",
                    "borderLeftColor": "#2254ba",
                    "borderRightColor": "#2254ba",
                    "borderTopColor": "#2254ba",
                  },
                  {
                    "borderBottomLeftRadius": 16,
                    "borderBottomRightRadius": 16,
                    "borderTopLeftRadius": 16,
                    "borderTopRightRadius": 16,
                  },
                  {
                    "fontFamily": "Nunito-Medium",
                  },
                  [
                    {
                      "marginTop": 4,
                    },
                  ],
                ]
              }
            />
          </View>
        </View>
        <View
          style={
            [
              {
                "marginTop": 24,
              },
            ]
          }
        >
          <View
            style={
              [
                {
                  "marginTop": -4,
                },
              ]
            }
          >
            <Text
              style={
                [
                  {
                    "color": "#ffffff",
                  },
                  {
                    "fontSize": 14,
                    "lineHeight": 20,
                  },
                  {
                    "fontFamily": "Nunito-Light",
                  },
                  [
                    {
                      "marginTop": 4,
                    },
                  ],
                ]
              }
            >
              Fecha
              :
            </Text>
            <View
              accessibilityState={
                {
                  "busy": undefined,
                  "checked": undefined,
                  "disabled": undefined,
                  "expanded": undefined,
                  "selected": undefined,
                }
              }
              accessibilityValue={
                {
                  "max": undefined,
                  "min": undefined,
                  "now": undefined,
                  "text": undefined,
                }
              }
              accessible={true}
              collapsable={false}
              focusable={true}
              onBlur={[Function]}
              onClick={[Function]}
              onFocus={[Function]}
              onResponderGrant={[Function]}
              onResponderMove={[Function]}
              onResponderRelease={[Function]}
              onResponderTerminate={[Function]}
              onResponderTerminationRequest={[Function]}
              onStartShouldSetResponder={[Function]}
              style={
                [
                  {
                    "paddingBottom": 8,
                    "paddingLeft": 8,
                    "paddingRight": 8,
                    "paddingTop": 8,
                  },
                  {
                    "backgroundColor": "#ffffff",
                  },
                  {
                    "borderBottomWidth": 2,
                    "borderLeftWidth": 2,
                    "borderRightWidth": 2,
                    "borderTopWidth": 2,
                  },
                  {
                    "borderBottomColor": "#2254ba",
                    "borderLeftColor": "#2254ba",
                    "borderRightColor": "#2254ba",
                    "borderTopColor": "#2254ba",
                  },
                  {
                    "borderBottomLeftRadius": 16,
                    "borderBottomRightRadius": 16,
                    "borderTopLeftRadius": 16,
                    "borderTopRightRadius": 16,
                  },
                  {
                    "fontFamily": "Nunito-Medium",
                  },
                  [
                    {
                      "marginTop": 4,
                    },
                  ],
                ]
              }
              testID="date-picker-button"
            >
              <Text>
                14/5/2025
              </Text>
            </View>
          </View>
        </View>
        <View
          style={
            [
              {
                "marginTop": 24,
              },
            ]
          }
        >
          <View
            accessibilityState={
              {
                "busy": undefined,
                "checked": undefined,
                "disabled": undefined,
                "expanded": undefined,
                "selected": undefined,
              }
            }
            accessibilityValue={
              {
                "max": undefined,
                "min": undefined,
                "now": undefined,
                "text": undefined,
              }
            }
            accessible={true}
            collapsable={false}
            focusable={true}
            onBlur={[Function]}
            onClick={[Function]}
            onFocus={[Function]}
            onResponderGrant={[Function]}
            onResponderMove={[Function]}
            onResponderRelease={[Function]}
            onResponderTerminate={[Function]}
            onResponderTerminationRequest={[Function]}
            onStartShouldSetResponder={[Function]}
            style={
              [
                {
                  "display": "flex",
                },
                {
                  "flexDirection": "row",
                },
                {
                  "justifyContent": "space-between",
                },
                {
                  "alignItems": "center",
                },
                {
                  "paddingBottom": 16,
                  "paddingLeft": 16,
                  "paddingRight": 16,
                  "paddingTop": 16,
                },
                {
                  "backgroundColor": "#272727",
                },
                {
                  "borderBottomWidth": 2,
                  "borderLeftWidth": 2,
                  "borderRightWidth": 2,
                  "borderTopWidth": 2,
                },
                {
                  "borderBottomColor": "#6bc0eb",
                  "borderLeftColor": "#6bc0eb",
                  "borderRightColor": "#6bc0eb",
                  "borderTopColor": "#6bc0eb",
                },
                {
                  "borderBottomLeftRadius": 24,
                  "borderBottomRightRadius": 24,
                  "borderTopLeftRadius": 24,
                  "borderTopRightRadius": 24,
                },
              ]
            }
            testID="handle-add-breed-button"
          >
            <Text
              style={
                [
                  {
                    "fontFamily": "Nunito-SemiBold",
                  },
                  {
                    "color": "#ffffff",
                  },
                  {
                    "fontSize": 20,
                    "lineHeight": 28,
                  },
                  {
                    "textAlign": "center",
                  },
                ]
              }
            >
              A침adir
            </Text>
          </View>
        </View>
      </View>
    </View>
  </View>
</RCTScrollView>
`;
