// Jest Snapshot v1, https://goo.gl/fbAQLP

exports[`CustomAuthTitle renders correctly 1`] = `
<Text
  style={
    [
      {
        "marginBottom": 32,
        "marginTop": 32,
      },
      {
        "paddingBottom": 16,
        "paddingLeft": 16,
        "paddingRight": 16,
        "paddingTop": 16,
      },
      {
        "textAlign": "center",
      },
      {
        "color": "#ffffff",
      },
      {
        "fontSize": 48,
        "lineHeight": 48,
      },
      {
        "fontFamily": "Nunito-Bold",
      },
    ]
  }
>
  Test
</Text>
`;
