// Jest Snapshot v1, https://goo.gl/fbAQLP

exports[`OauthRedirect should render correctly 1`] = `
<View
  style={
    [
      {
        "flexBasis": "0%",
        "flexGrow": 1,
        "flexShrink": 1,
      },
      {
        "backgroundColor": "#1c1c1c",
      },
      {
        "justifyContent": "center",
      },
      {
        "alignItems": "center",
      },
    ]
  }
>
  <View>
    <View
      style={
        [
          {
            "display": "flex",
          },
          {
            "alignItems": "center",
          },
          {
            "justifyContent": "center",
          },
          {
            "paddingBottom": 16,
            "paddingLeft": 16,
            "paddingRight": 16,
            "paddingTop": 16,
          },
          {
            "backgroundColor": "#272727",
          },
          {
            "borderLeftWidth": 2,
            "borderRightWidth": 2,
          },
          {
            "borderBottomColor": "#6bc0eb",
            "borderLeftColor": "#6bc0eb",
            "borderRightColor": "#6bc0eb",
            "borderTopColor": "#6bc0eb",
          },
          {
            "borderBottomLeftRadius": 8,
            "borderBottomRightRadius": 8,
            "borderTopLeftRadius": 8,
            "borderTopRightRadius": 8,
          },
        ]
      }
    >
      <Text
        style={
          [
            {
              "color": "#ffffff",
            },
            {
              "fontSize": 24,
              "lineHeight": 32,
            },
            {
              "fontFamily": "Nunito-MediumItalic",
            },
          ]
        }
      >
        Iniciando sesi√≥n... Esto puede tardar unos segundos
      </Text>
    </View>
    <ActivityIndicator
      color="c_light_blue"
      size="large"
      style={
        [
          {
            "marginTop": 32,
          },
        ]
      }
    />
  </View>
</View>
`;
